Archive member included to satisfy reference by file (symbol)

../P1_bsp/\libhal_bsp.a(alt_load.o)
                              ../P1_bsp//obj/HAL/src/crt0.o (alt_load)
../P1_bsp/\libhal_bsp.a(alt_main.o)
                              ../P1_bsp//obj/HAL/src/crt0.o (alt_main)
../P1_bsp/\libhal_bsp.a(alt_usleep.o)
                              obj/default/main.o (usleep)
../P1_bsp/\libhal_bsp.a(alt_sys_init.o)
                              ../P1_bsp/\libhal_bsp.a(alt_main.o) (alt_irq_init)
../P1_bsp/\libhal_bsp.a(alt_busy_sleep.o)
                              ../P1_bsp/\libhal_bsp.a(alt_usleep.o) (alt_busy_sleep)
../P1_bsp/\libhal_bsp.a(alt_dcache_flush_all.o)
                              ../P1_bsp/\libhal_bsp.a(alt_load.o) (alt_dcache_flush_all)
../P1_bsp/\libhal_bsp.a(alt_icache_flush_all.o)
                              ../P1_bsp/\libhal_bsp.a(alt_load.o) (alt_icache_flush_all)
../P1_bsp/\libhal_bsp.a(altera_nios2_gen2_irq.o)
                              ../P1_bsp/\libhal_bsp.a(alt_sys_init.o) (altera_nios2_gen2_irq_init)
c:/intelfpga_lite/18.1/nios2eds/bin/gnu/h-x86_64-mingw32/bin/../lib/gcc/nios2-elf/5.3.0/mno-hw-mul\libgcc.a(lib2-divmod.o)
                              ../P1_bsp/\libhal_bsp.a(alt_busy_sleep.o) (__udivsi3)
c:/intelfpga_lite/18.1/nios2eds/bin/gnu/h-x86_64-mingw32/bin/../lib/gcc/nios2-elf/5.3.0/mno-hw-mul\libgcc.a(lib2-mul.o)
                              ../P1_bsp/\libhal_bsp.a(alt_busy_sleep.o) (__mulsi3)

Memory Configuration

Name             Origin             Length             Attributes
reset            0x0000000000008000 0x0000000000000020
memory           0x0000000000008020 0x0000000000005fe0
*default*        0x0000000000000000 0xffffffffffffffff

Linker script and memory map

LOAD ../P1_bsp//obj/HAL/src/crt0.o
LOAD obj/default/main.o
LOAD c:/intelfpga_lite/18.1/nios2eds/bin/gnu/h-x86_64-mingw32/bin/../lib/gcc/nios2-elf/5.3.0/../../../../../H-x86_64-mingw32/nios2-elf/lib/mno-hw-mul\libstdc++.a
LOAD c:/intelfpga_lite/18.1/nios2eds/bin/gnu/h-x86_64-mingw32/bin/../lib/gcc/nios2-elf/5.3.0/../../../../../H-x86_64-mingw32/nios2-elf/lib/mno-hw-mul\libm.a
LOAD c:/intelfpga_lite/18.1/nios2eds/bin/gnu/h-x86_64-mingw32/bin/../lib/gcc/nios2-elf/5.3.0/mno-hw-mul\libgcc.a
START GROUP
LOAD c:/intelfpga_lite/18.1/nios2eds/bin/gnu/h-x86_64-mingw32/bin/../lib/gcc/nios2-elf/5.3.0/../../../../../H-x86_64-mingw32/nios2-elf/lib/mno-hw-mul\libsmallc.a
LOAD c:/intelfpga_lite/18.1/nios2eds/bin/gnu/h-x86_64-mingw32/bin/../lib/gcc/nios2-elf/5.3.0/mno-hw-mul\libgcc.a
LOAD ../P1_bsp/\libhal_bsp.a
LOAD c:/intelfpga_lite/18.1/nios2eds/bin/gnu/h-x86_64-mingw32/bin/../lib/gcc/nios2-elf/5.3.0/../../../../../H-x86_64-mingw32/nios2-elf/lib/mno-hw-mul\libm.a
END GROUP
LOAD c:/intelfpga_lite/18.1/nios2eds/bin/gnu/h-x86_64-mingw32/bin/../lib/gcc/nios2-elf/5.3.0/mno-hw-mul\libgcc.a
                0x0000000000008000                __alt_mem_memory = 0x8000

.entry          0x0000000000008000       0x20
 *(.entry)
 .entry         0x0000000000008000       0x20 ../P1_bsp//obj/HAL/src/crt0.o
                0x0000000000008000                __reset
                0x000000000000800c                _exit

.exceptions     0x0000000000008020        0x0
                0x0000000000008020                PROVIDE (__ram_exceptions_start, ABSOLUTE (.))
                0x0000000000008020                . = ALIGN (0x20)
 *(.irq)
 *(.exceptions.entry.label)
 *(.exceptions.entry.user)
 *(.exceptions.entry.ecc_fatal)
 *(.exceptions.entry)
 *(.exceptions.irqtest.user)
 *(.exceptions.irqtest)
 *(.exceptions.irqhandler.user)
 *(.exceptions.irqhandler)
 *(.exceptions.irqreturn.user)
 *(.exceptions.irqreturn)
 *(.exceptions.notirq.label)
 *(.exceptions.notirq.user)
 *(.exceptions.notirq)
 *(.exceptions.soft.user)
 *(.exceptions.soft)
 *(.exceptions.unknown.user)
 *(.exceptions.unknown)
 *(.exceptions.exit.label)
 *(.exceptions.exit.user)
 *(.exceptions.exit)
 *(.exceptions)
                0x0000000000008020                PROVIDE (__ram_exceptions_end, ABSOLUTE (.))
                0x0000000000008020                PROVIDE (__flash_exceptions_start, LOADADDR (.exceptions))

.text           0x0000000000008020      0x54c
                [!provide]                        PROVIDE (stext, ABSOLUTE (.))
 *(.interp)
 *(.hash)
 *(.dynsym)
 *(.dynstr)
 *(.gnu.version)
 *(.gnu.version_d)
 *(.gnu.version_r)
 *(.rel.init)
 *(.rela.init)
 *(.rel.text .rel.text.* .rel.gnu.linkonce.t.*)
 *(.rela.text .rela.text.* .rela.gnu.linkonce.t.*)
 *(.rel.fini)
 *(.rela.fini)
 *(.rel.rodata .rel.rodata.* .rel.gnu.linkonce.r.*)
 *(.rela.rodata .rela.rodata.* .rela.gnu.linkonce.r.*)
 *(.rel.data .rel.data.* .rel.gnu.linkonce.d.*)
 *(.rela.data .rela.data.* .rela.gnu.linkonce.d.*)
 *(.rel.tdata .rel.tdata.* .rel.gnu.linkonce.td.*)
 *(.rela.tdata .rela.tdata.* .rela.gnu.linkonce.td.*)
 *(.rel.tbss .rel.tbss.* .rel.gnu.linkonce.tb.*)
 *(.rela.tbss .rela.tbss.* .rela.gnu.linkonce.tb.*)
 *(.rel.ctors)
 *(.rela.ctors)
 *(.rel.dtors)
 *(.rela.dtors)
 *(.rel.got)
 *(.rela.got)
 *(.rel.sdata .rel.sdata.* .rel.gnu.linkonce.s.*)
 *(.rela.sdata .rela.sdata.* .rela.gnu.linkonce.s.*)
 *(.rel.sbss .rel.sbss.* .rel.gnu.linkonce.sb.*)
 *(.rela.sbss .rela.sbss.* .rela.gnu.linkonce.sb.*)
 *(.rel.sdata2 .rel.sdata2.* .rel.gnu.linkonce.s2.*)
 *(.rela.sdata2 .rela.sdata2.* .rela.gnu.linkonce.s2.*)
 *(.rel.sbss2 .rel.sbss2.* .rel.gnu.linkonce.sb2.*)
 *(.rela.sbss2 .rela.sbss2.* .rela.gnu.linkonce.sb2.*)
 *(.rel.bss .rel.bss.* .rel.gnu.linkonce.b.*)
 *(.rela.bss .rela.bss.* .rela.gnu.linkonce.b.*)
 *(.rel.plt)
 *(.rela.plt)
 *(.rel.dyn)
 *(.init)
 *(.plt)
 *(.text .stub .text.* .gnu.linkonce.t.*)
 .text          0x0000000000008020       0x3c ../P1_bsp//obj/HAL/src/crt0.o
                0x0000000000008020                _start
 .text          0x000000000000805c      0x14c obj/default/main.o
                0x000000000000805c                init
                0x000000000000811c                print
 .text.startup  0x00000000000081a8       0x1c obj/default/main.o
                0x00000000000081a8                main
 .text          0x00000000000081c4       0xe0 ../P1_bsp/\libhal_bsp.a(alt_load.o)
                0x00000000000081c4                alt_load
 .text          0x00000000000082a4       0x2c ../P1_bsp/\libhal_bsp.a(alt_main.o)
                0x00000000000082a4                alt_main
 .text          0x00000000000082d0        0x4 ../P1_bsp/\libhal_bsp.a(alt_usleep.o)
                0x00000000000082d0                usleep
 .text          0x00000000000082d4       0x24 ../P1_bsp/\libhal_bsp.a(alt_sys_init.o)
                0x00000000000082d4                alt_irq_init
                0x00000000000082f4                alt_sys_init
 .text          0x00000000000082f8       0x88 ../P1_bsp/\libhal_bsp.a(alt_busy_sleep.o)
                0x00000000000082f8                alt_busy_sleep
 .text          0x0000000000008380        0x4 ../P1_bsp/\libhal_bsp.a(alt_dcache_flush_all.o)
                0x0000000000008380                alt_dcache_flush_all
 .text          0x0000000000008384        0x4 ../P1_bsp/\libhal_bsp.a(alt_icache_flush_all.o)
                0x0000000000008384                alt_icache_flush_all
 .text          0x0000000000008388        0x8 ../P1_bsp/\libhal_bsp.a(altera_nios2_gen2_irq.o)
                0x0000000000008388                altera_nios2_gen2_irq_init
 .text          0x0000000000008390      0x1b4 c:/intelfpga_lite/18.1/nios2eds/bin/gnu/h-x86_64-mingw32/bin/../lib/gcc/nios2-elf/5.3.0/mno-hw-mul\libgcc.a(lib2-divmod.o)
                0x0000000000008390                __divsi3
                0x0000000000008414                __modsi3
                0x0000000000008488                __udivsi3
                0x00000000000084ec                __umodsi3
 .text          0x0000000000008544       0x28 c:/intelfpga_lite/18.1/nios2eds/bin/gnu/h-x86_64-mingw32/bin/../lib/gcc/nios2-elf/5.3.0/mno-hw-mul\libgcc.a(lib2-mul.o)
                0x0000000000008544                __mulsi3
 *(.gnu.warning.*)
 *(.fini)
                [!provide]                        PROVIDE (__etext, ABSOLUTE (.))
                [!provide]                        PROVIDE (_etext, ABSOLUTE (.))
                [!provide]                        PROVIDE (etext, ABSOLUTE (.))
 *(.eh_frame_hdr)
                0x000000000000856c                . = ALIGN (0x4)
                [!provide]                        PROVIDE (__preinit_array_start, ABSOLUTE (.))
 *(.preinit_array)
                [!provide]                        PROVIDE (__preinit_array_end, ABSOLUTE (.))
                [!provide]                        PROVIDE (__init_array_start, ABSOLUTE (.))
 *(.init_array)
                [!provide]                        PROVIDE (__init_array_end, ABSOLUTE (.))
                [!provide]                        PROVIDE (__fini_array_start, ABSOLUTE (.))
 *(.fini_array)
                [!provide]                        PROVIDE (__fini_array_end, ABSOLUTE (.))
 *(.eh_frame)
 *(.gcc_except_table .gcc_except_table.*)
 *(.dynamic)
                [!provide]                        PROVIDE (__CTOR_LIST__, ABSOLUTE (.))
 *(.ctors)
 *(SORT(.ctors.*))
                [!provide]                        PROVIDE (__CTOR_END__, ABSOLUTE (.))
                [!provide]                        PROVIDE (__DTOR_LIST__, ABSOLUTE (.))
 *(.dtors)
 *(SORT(.dtors.*))
                [!provide]                        PROVIDE (__DTOR_END__, ABSOLUTE (.))
 *(.jcr)
                0x000000000000856c                . = ALIGN (0x4)

.rodata         0x000000000000856c        0x0
                0x000000000000856c                PROVIDE (__ram_rodata_start, ABSOLUTE (.))
                0x000000000000856c                . = ALIGN (0x4)
 *(.rodata .rodata.* .gnu.linkonce.r.*)
 *(.rodata1)
                0x000000000000856c                . = ALIGN (0x4)
                0x000000000000856c                PROVIDE (__ram_rodata_end, ABSOLUTE (.))
                0x000000000000856c                PROVIDE (__flash_rodata_start, LOADADDR (.rodata))

.rwdata         0x000000000000856c        0x0
                0x000000000000856c                PROVIDE (__ram_rwdata_start, ABSOLUTE (.))
                0x000000000000856c                . = ALIGN (0x4)
 *(.got.plt)
 *(.got)
 *(.data1)
 *(.data .data.* .gnu.linkonce.d.*)
 .data          0x000000000000856c        0x0 ../P1_bsp//obj/HAL/src/crt0.o
 .data          0x000000000000856c        0x0 obj/default/main.o
 .data          0x000000000000856c        0x0 ../P1_bsp/\libhal_bsp.a(alt_load.o)
 .data          0x000000000000856c        0x0 ../P1_bsp/\libhal_bsp.a(alt_main.o)
 .data          0x000000000000856c        0x0 ../P1_bsp/\libhal_bsp.a(alt_usleep.o)
 .data          0x000000000000856c        0x0 ../P1_bsp/\libhal_bsp.a(alt_sys_init.o)
 .data          0x000000000000856c        0x0 ../P1_bsp/\libhal_bsp.a(alt_busy_sleep.o)
 .data          0x000000000000856c        0x0 ../P1_bsp/\libhal_bsp.a(alt_dcache_flush_all.o)
 .data          0x000000000000856c        0x0 ../P1_bsp/\libhal_bsp.a(alt_icache_flush_all.o)
 .data          0x000000000000856c        0x0 ../P1_bsp/\libhal_bsp.a(altera_nios2_gen2_irq.o)
 .data          0x000000000000856c        0x0 c:/intelfpga_lite/18.1/nios2eds/bin/gnu/h-x86_64-mingw32/bin/../lib/gcc/nios2-elf/5.3.0/mno-hw-mul\libgcc.a(lib2-divmod.o)
 .data          0x000000000000856c        0x0 c:/intelfpga_lite/18.1/nios2eds/bin/gnu/h-x86_64-mingw32/bin/../lib/gcc/nios2-elf/5.3.0/mno-hw-mul\libgcc.a(lib2-mul.o)
                0x000000000001056c                _gp = ABSOLUTE ((. + 0x8000))
                [!provide]                        PROVIDE (gp, _gp)
 *(.rwdata .rwdata.*)
 *(.sdata .sdata.* .gnu.linkonce.s.*)
 *(.sdata2 .sdata2.* .gnu.linkonce.s2.*)
                0x000000000000856c                . = ALIGN (0x4)
                0x000000000000856c                _edata = ABSOLUTE (.)
                [!provide]                        PROVIDE (edata, ABSOLUTE (.))
                0x000000000000856c                PROVIDE (__ram_rwdata_end, ABSOLUTE (.))
                0x000000000000856c                PROVIDE (__flash_rwdata_start, LOADADDR (.rwdata))

.bss            0x000000000000856c       0x10
                0x000000000000856c                __bss_start = ABSOLUTE (.)
                [!provide]                        PROVIDE (__sbss_start, ABSOLUTE (.))
                [!provide]                        PROVIDE (___sbss_start, ABSOLUTE (.))
 *(.dynsbss)
 *(.sbss .sbss.* .gnu.linkonce.sb.*)
 .sbss          0x000000000000856c        0xc ../P1_bsp/\libhal_bsp.a(alt_main.o)
                0x000000000000856c                alt_envp
                0x0000000000008570                alt_argv
                0x0000000000008574                alt_argc
 .sbss          0x0000000000008578        0x4 ../P1_bsp/\libhal_bsp.a(alt_sys_init.o)
                0x0000000000008578                jtag
 *(.sbss2 .sbss2.* .gnu.linkonce.sb2.*)
 *(.scommon)
                [!provide]                        PROVIDE (__sbss_end, ABSOLUTE (.))
                [!provide]                        PROVIDE (___sbss_end, ABSOLUTE (.))
 *(.dynbss)
 *(.bss .bss.* .gnu.linkonce.b.*)
 .bss           0x000000000000857c        0x0 ../P1_bsp//obj/HAL/src/crt0.o
 .bss           0x000000000000857c        0x0 obj/default/main.o
 .bss           0x000000000000857c        0x0 ../P1_bsp/\libhal_bsp.a(alt_load.o)
 .bss           0x000000000000857c        0x0 ../P1_bsp/\libhal_bsp.a(alt_main.o)
 .bss           0x000000000000857c        0x0 ../P1_bsp/\libhal_bsp.a(alt_usleep.o)
 .bss           0x000000000000857c        0x0 ../P1_bsp/\libhal_bsp.a(alt_sys_init.o)
 .bss           0x000000000000857c        0x0 ../P1_bsp/\libhal_bsp.a(alt_busy_sleep.o)
 .bss           0x000000000000857c        0x0 ../P1_bsp/\libhal_bsp.a(alt_dcache_flush_all.o)
 .bss           0x000000000000857c        0x0 ../P1_bsp/\libhal_bsp.a(alt_icache_flush_all.o)
 .bss           0x000000000000857c        0x0 ../P1_bsp/\libhal_bsp.a(altera_nios2_gen2_irq.o)
 .bss           0x000000000000857c        0x0 c:/intelfpga_lite/18.1/nios2eds/bin/gnu/h-x86_64-mingw32/bin/../lib/gcc/nios2-elf/5.3.0/mno-hw-mul\libgcc.a(lib2-divmod.o)
 .bss           0x000000000000857c        0x0 c:/intelfpga_lite/18.1/nios2eds/bin/gnu/h-x86_64-mingw32/bin/../lib/gcc/nios2-elf/5.3.0/mno-hw-mul\libgcc.a(lib2-mul.o)
 *(COMMON)
                0x000000000000857c                . = ALIGN (0x4)
                0x000000000000857c                __bss_end = ABSOLUTE (.)

.memory         0x000000000000857c        0x0
                [!provide]                        PROVIDE (_alt_partition_memory_start, ABSOLUTE (.))
 *(.memory .memory. memory.*)
                0x000000000000857c                . = ALIGN (0x4)
                [!provide]                        PROVIDE (_alt_partition_memory_end, ABSOLUTE (.))
                0x000000000000857c                _end = ABSOLUTE (.)
                0x000000000000857c                end = ABSOLUTE (.)
                0x000000000000857c                __alt_stack_base = ABSOLUTE (.)
                [!provide]                        PROVIDE (_alt_partition_memory_load_addr, LOADADDR (.memory))

.stab
 *(.stab)

.stabstr
 *(.stabstr)

.stab.excl
 *(.stab.excl)

.stab.exclstr
 *(.stab.exclstr)

.stab.index
 *(.stab.index)

.stab.indexstr
 *(.stab.indexstr)

.comment        0x0000000000000000       0x23
 *(.comment)
 .comment       0x0000000000000000       0x23 obj/default/main.o
                                         0x24 (size before relaxing)
 .comment       0x0000000000000023       0x24 ../P1_bsp/\libhal_bsp.a(alt_load.o)
 .comment       0x0000000000000023       0x24 ../P1_bsp/\libhal_bsp.a(alt_main.o)
 .comment       0x0000000000000023       0x24 ../P1_bsp/\libhal_bsp.a(alt_usleep.o)
 .comment       0x0000000000000023       0x24 ../P1_bsp/\libhal_bsp.a(alt_sys_init.o)
 .comment       0x0000000000000023       0x24 ../P1_bsp/\libhal_bsp.a(alt_busy_sleep.o)
 .comment       0x0000000000000023       0x24 ../P1_bsp/\libhal_bsp.a(alt_dcache_flush_all.o)
 .comment       0x0000000000000023       0x24 ../P1_bsp/\libhal_bsp.a(alt_icache_flush_all.o)
 .comment       0x0000000000000023       0x24 ../P1_bsp/\libhal_bsp.a(altera_nios2_gen2_irq.o)
 .comment       0x0000000000000023       0x24 c:/intelfpga_lite/18.1/nios2eds/bin/gnu/h-x86_64-mingw32/bin/../lib/gcc/nios2-elf/5.3.0/mno-hw-mul\libgcc.a(lib2-divmod.o)
 .comment       0x0000000000000023       0x24 c:/intelfpga_lite/18.1/nios2eds/bin/gnu/h-x86_64-mingw32/bin/../lib/gcc/nios2-elf/5.3.0/mno-hw-mul\libgcc.a(lib2-mul.o)

.debug
 *(.debug)

.line
 *(.line)

.debug_srcinfo
 *(.debug_srcinfo)

.debug_sfnames
 *(.debug_sfnames)

.debug_aranges  0x0000000000000000      0x190
 *(.debug_aranges)
 .debug_aranges
                0x0000000000000000       0x28 ../P1_bsp//obj/HAL/src/crt0.o
 .debug_aranges
                0x0000000000000028       0x28 obj/default/main.o
 .debug_aranges
                0x0000000000000050       0x20 ../P1_bsp/\libhal_bsp.a(alt_load.o)
 .debug_aranges
                0x0000000000000070       0x20 ../P1_bsp/\libhal_bsp.a(alt_main.o)
 .debug_aranges
                0x0000000000000090       0x20 ../P1_bsp/\libhal_bsp.a(alt_usleep.o)
 .debug_aranges
                0x00000000000000b0       0x20 ../P1_bsp/\libhal_bsp.a(alt_sys_init.o)
 .debug_aranges
                0x00000000000000d0       0x20 ../P1_bsp/\libhal_bsp.a(alt_busy_sleep.o)
 .debug_aranges
                0x00000000000000f0       0x20 ../P1_bsp/\libhal_bsp.a(alt_dcache_flush_all.o)
 .debug_aranges
                0x0000000000000110       0x20 ../P1_bsp/\libhal_bsp.a(alt_icache_flush_all.o)
 .debug_aranges
                0x0000000000000130       0x20 ../P1_bsp/\libhal_bsp.a(altera_nios2_gen2_irq.o)
 .debug_aranges
                0x0000000000000150       0x20 c:/intelfpga_lite/18.1/nios2eds/bin/gnu/h-x86_64-mingw32/bin/../lib/gcc/nios2-elf/5.3.0/mno-hw-mul\libgcc.a(lib2-divmod.o)
 .debug_aranges
                0x0000000000000170       0x20 c:/intelfpga_lite/18.1/nios2eds/bin/gnu/h-x86_64-mingw32/bin/../lib/gcc/nios2-elf/5.3.0/mno-hw-mul\libgcc.a(lib2-mul.o)

.debug_pubnames
 *(.debug_pubnames)

.debug_info     0x0000000000000000      0xe53
 *(.debug_info .gnu.linkonce.wi.*)
 .debug_info    0x0000000000000000       0x86 ../P1_bsp//obj/HAL/src/crt0.o
 .debug_info    0x0000000000000086      0x23d obj/default/main.o
 .debug_info    0x00000000000002c3      0x1c9 ../P1_bsp/\libhal_bsp.a(alt_load.o)
 .debug_info    0x000000000000048c      0x169 ../P1_bsp/\libhal_bsp.a(alt_main.o)
 .debug_info    0x00000000000005f5       0xd1 ../P1_bsp/\libhal_bsp.a(alt_usleep.o)
 .debug_info    0x00000000000006c6      0x185 ../P1_bsp/\libhal_bsp.a(alt_sys_init.o)
 .debug_info    0x000000000000084b       0xd8 ../P1_bsp/\libhal_bsp.a(alt_busy_sleep.o)
 .debug_info    0x0000000000000923       0x92 ../P1_bsp/\libhal_bsp.a(alt_dcache_flush_all.o)
 .debug_info    0x00000000000009b5       0x92 ../P1_bsp/\libhal_bsp.a(alt_icache_flush_all.o)
 .debug_info    0x0000000000000a47       0x92 ../P1_bsp/\libhal_bsp.a(altera_nios2_gen2_irq.o)
 .debug_info    0x0000000000000ad9      0x2c6 c:/intelfpga_lite/18.1/nios2eds/bin/gnu/h-x86_64-mingw32/bin/../lib/gcc/nios2-elf/5.3.0/mno-hw-mul\libgcc.a(lib2-divmod.o)
 .debug_info    0x0000000000000d9f       0xb4 c:/intelfpga_lite/18.1/nios2eds/bin/gnu/h-x86_64-mingw32/bin/../lib/gcc/nios2-elf/5.3.0/mno-hw-mul\libgcc.a(lib2-mul.o)

.debug_abbrev   0x0000000000000000      0x751
 *(.debug_abbrev)
 .debug_abbrev  0x0000000000000000       0x12 ../P1_bsp//obj/HAL/src/crt0.o
 .debug_abbrev  0x0000000000000012      0x115 obj/default/main.o
 .debug_abbrev  0x0000000000000127       0xd8 ../P1_bsp/\libhal_bsp.a(alt_load.o)
 .debug_abbrev  0x00000000000001ff       0xee ../P1_bsp/\libhal_bsp.a(alt_main.o)
 .debug_abbrev  0x00000000000002ed       0x8d ../P1_bsp/\libhal_bsp.a(alt_usleep.o)
 .debug_abbrev  0x000000000000037a      0x107 ../P1_bsp/\libhal_bsp.a(alt_sys_init.o)
 .debug_abbrev  0x0000000000000481       0x8d ../P1_bsp/\libhal_bsp.a(alt_busy_sleep.o)
 .debug_abbrev  0x000000000000050e       0x42 ../P1_bsp/\libhal_bsp.a(alt_dcache_flush_all.o)
 .debug_abbrev  0x0000000000000550       0x42 ../P1_bsp/\libhal_bsp.a(alt_icache_flush_all.o)
 .debug_abbrev  0x0000000000000592       0x42 ../P1_bsp/\libhal_bsp.a(altera_nios2_gen2_irq.o)
 .debug_abbrev  0x00000000000005d4      0x10e c:/intelfpga_lite/18.1/nios2eds/bin/gnu/h-x86_64-mingw32/bin/../lib/gcc/nios2-elf/5.3.0/mno-hw-mul\libgcc.a(lib2-divmod.o)
 .debug_abbrev  0x00000000000006e2       0x6f c:/intelfpga_lite/18.1/nios2eds/bin/gnu/h-x86_64-mingw32/bin/../lib/gcc/nios2-elf/5.3.0/mno-hw-mul\libgcc.a(lib2-mul.o)

.debug_line     0x0000000000000000      0x79c
 *(.debug_line)
 .debug_line    0x0000000000000000       0x66 ../P1_bsp//obj/HAL/src/crt0.o
 .debug_line    0x0000000000000066       0xdf obj/default/main.o
 .debug_line    0x0000000000000145       0xa4 ../P1_bsp/\libhal_bsp.a(alt_load.o)
 .debug_line    0x00000000000001e9       0xbd ../P1_bsp/\libhal_bsp.a(alt_main.o)
 .debug_line    0x00000000000002a6       0xcf ../P1_bsp/\libhal_bsp.a(alt_usleep.o)
 .debug_line    0x0000000000000375      0x101 ../P1_bsp/\libhal_bsp.a(alt_sys_init.o)
 .debug_line    0x0000000000000476       0xb5 ../P1_bsp/\libhal_bsp.a(alt_busy_sleep.o)
 .debug_line    0x000000000000052b       0x4e ../P1_bsp/\libhal_bsp.a(alt_dcache_flush_all.o)
 .debug_line    0x0000000000000579       0x4e ../P1_bsp/\libhal_bsp.a(alt_icache_flush_all.o)
 .debug_line    0x00000000000005c7       0x50 ../P1_bsp/\libhal_bsp.a(altera_nios2_gen2_irq.o)
 .debug_line    0x0000000000000617      0x105 c:/intelfpga_lite/18.1/nios2eds/bin/gnu/h-x86_64-mingw32/bin/../lib/gcc/nios2-elf/5.3.0/mno-hw-mul\libgcc.a(lib2-divmod.o)
 .debug_line    0x000000000000071c       0x80 c:/intelfpga_lite/18.1/nios2eds/bin/gnu/h-x86_64-mingw32/bin/../lib/gcc/nios2-elf/5.3.0/mno-hw-mul\libgcc.a(lib2-mul.o)

.debug_frame    0x0000000000000000      0x23c
 *(.debug_frame)
 .debug_frame   0x0000000000000000       0x84 obj/default/main.o
 .debug_frame   0x0000000000000084       0x30 ../P1_bsp/\libhal_bsp.a(alt_load.o)
 .debug_frame   0x00000000000000b4       0x2c ../P1_bsp/\libhal_bsp.a(alt_main.o)
 .debug_frame   0x00000000000000e0       0x20 ../P1_bsp/\libhal_bsp.a(alt_usleep.o)
 .debug_frame   0x0000000000000100       0x3c ../P1_bsp/\libhal_bsp.a(alt_sys_init.o)
 .debug_frame   0x000000000000013c       0x30 ../P1_bsp/\libhal_bsp.a(alt_busy_sleep.o)
 .debug_frame   0x000000000000016c       0x20 ../P1_bsp/\libhal_bsp.a(alt_dcache_flush_all.o)
 .debug_frame   0x000000000000018c       0x20 ../P1_bsp/\libhal_bsp.a(alt_icache_flush_all.o)
 .debug_frame   0x00000000000001ac       0x20 ../P1_bsp/\libhal_bsp.a(altera_nios2_gen2_irq.o)
 .debug_frame   0x00000000000001cc       0x50 c:/intelfpga_lite/18.1/nios2eds/bin/gnu/h-x86_64-mingw32/bin/../lib/gcc/nios2-elf/5.3.0/mno-hw-mul\libgcc.a(lib2-divmod.o)
 .debug_frame   0x000000000000021c       0x20 c:/intelfpga_lite/18.1/nios2eds/bin/gnu/h-x86_64-mingw32/bin/../lib/gcc/nios2-elf/5.3.0/mno-hw-mul\libgcc.a(lib2-mul.o)

.debug_str      0x0000000000000000      0x62d
 *(.debug_str)
 .debug_str     0x0000000000000000       0xff obj/default/main.o
                                        0x149 (size before relaxing)
 .debug_str     0x00000000000000ff      0x16d ../P1_bsp/\libhal_bsp.a(alt_load.o)
                                        0x254 (size before relaxing)
 .debug_str     0x000000000000026c       0x8f ../P1_bsp/\libhal_bsp.a(alt_main.o)
                                        0x1cd (size before relaxing)
 .debug_str     0x00000000000002fb       0x2f ../P1_bsp/\libhal_bsp.a(alt_usleep.o)
                                        0x16f (size before relaxing)
 .debug_str     0x000000000000032a       0xab ../P1_bsp/\libhal_bsp.a(alt_sys_init.o)
                                        0x237 (size before relaxing)
 .debug_str     0x00000000000003d5       0x33 ../P1_bsp/\libhal_bsp.a(alt_busy_sleep.o)
                                        0x183 (size before relaxing)
 .debug_str     0x0000000000000408       0x1f ../P1_bsp/\libhal_bsp.a(alt_dcache_flush_all.o)
                                        0x16d (size before relaxing)
 .debug_str     0x0000000000000427       0x1f ../P1_bsp/\libhal_bsp.a(alt_icache_flush_all.o)
                                        0x16d (size before relaxing)
 .debug_str     0x0000000000000446       0x20 ../P1_bsp/\libhal_bsp.a(altera_nios2_gen2_irq.o)
                                        0x174 (size before relaxing)
 .debug_str     0x0000000000000466      0x187 c:/intelfpga_lite/18.1/nios2eds/bin/gnu/h-x86_64-mingw32/bin/../lib/gcc/nios2-elf/5.3.0/mno-hw-mul\libgcc.a(lib2-divmod.o)
                                        0x1d2 (size before relaxing)
 .debug_str     0x00000000000005ed       0x40 c:/intelfpga_lite/18.1/nios2eds/bin/gnu/h-x86_64-mingw32/bin/../lib/gcc/nios2-elf/5.3.0/mno-hw-mul\libgcc.a(lib2-mul.o)
                                        0x193 (size before relaxing)

.debug_loc      0x0000000000000000      0x6b9
 *(.debug_loc)
 .debug_loc     0x0000000000000000       0xaf obj/default/main.o
 .debug_loc     0x00000000000000af       0x21 ../P1_bsp/\libhal_bsp.a(alt_usleep.o)
 .debug_loc     0x00000000000000d0       0x21 ../P1_bsp/\libhal_bsp.a(alt_sys_init.o)
 .debug_loc     0x00000000000000f1       0x67 ../P1_bsp/\libhal_bsp.a(alt_busy_sleep.o)
 .debug_loc     0x0000000000000158      0x4ce c:/intelfpga_lite/18.1/nios2eds/bin/gnu/h-x86_64-mingw32/bin/../lib/gcc/nios2-elf/5.3.0/mno-hw-mul\libgcc.a(lib2-divmod.o)
 .debug_loc     0x0000000000000626       0x93 c:/intelfpga_lite/18.1/nios2eds/bin/gnu/h-x86_64-mingw32/bin/../lib/gcc/nios2-elf/5.3.0/mno-hw-mul\libgcc.a(lib2-mul.o)

.debug_macinfo
 *(.debug_macinfo)

.debug_weaknames
 *(.debug_weaknames)

.debug_funcnames
 *(.debug_funcnames)

.debug_typenames
 *(.debug_typenames)

.debug_varnames
 *(.debug_varnames)

.debug_alt_sim_info
                0x0000000000000000       0x40
 *(.debug_alt_sim_info)
 .debug_alt_sim_info
                0x0000000000000000       0x10 ../P1_bsp//obj/HAL/src/crt0.o
 .debug_alt_sim_info
                0x0000000000000010       0x30 ../P1_bsp/\libhal_bsp.a(alt_busy_sleep.o)
                0x000000000000e000                __alt_data_end = 0xe000
                0x000000000000e000                PROVIDE (__alt_stack_pointer, __alt_data_end)
                [!provide]                        PROVIDE (__alt_stack_limit, __alt_stack_base)
                [!provide]                        PROVIDE (__alt_heap_start, end)
                [!provide]                        PROVIDE (__alt_heap_limit, 0xe000)
OUTPUT(P1.elf elf32-littlenios2)

.debug_ranges   0x0000000000000000       0xe0
 .debug_ranges  0x0000000000000000       0x20 ../P1_bsp//obj/HAL/src/crt0.o
 .debug_ranges  0x0000000000000020       0x18 obj/default/main.o
 .debug_ranges  0x0000000000000038       0x48 ../P1_bsp/\libhal_bsp.a(alt_load.o)
 .debug_ranges  0x0000000000000080       0x60 c:/intelfpga_lite/18.1/nios2eds/bin/gnu/h-x86_64-mingw32/bin/../lib/gcc/nios2-elf/5.3.0/mno-hw-mul\libgcc.a(lib2-divmod.o)
